17:56:16 **** Build of configuration Debug for project LAB-01-Template ****
make all 
arm-none-eabi-gcc "/home/zhangl33/STM32CubeIDE/MPS-Labs-Fall21/stm32lib/STM32F7xx_HAL_Driver/Src/stm32f7xx_hal.c" -mcpu=cortex-m7 -std=gnu11 -g3 -DUSE_HAL_DRIVER -DSTM32F769xx -DUSE_STM32F769I_DISCO -c -I"/home/zhangl33/STM32CubeIDE/MPS-Labs-Fall21/LAB-01-Template/inc" -I"/home/zhangl33/STM32CubeIDE/MPS-Labs-Fall21/stm32lib/CMSIS/Include" -I"/home/zhangl33/STM32CubeIDE/MPS-Labs-Fall21/stm32lib/CMSIS/Device/ST/STM32F7xx/Include" -I"/home/zhangl33/STM32CubeIDE/MPS-Labs-Fall21/stm32lib/STM32F7xx_HAL_Driver/Inc" -Og -ffunction-sections -Wall -Wdouble-promotion -fstack-usage -MMD -MP -MF"stm32lib/STM32F7xx_HAL_Driver/Src/stm32f7xx_hal.d" -MT"stm32lib/STM32F7xx_HAL_Driver/Src/stm32f7xx_hal.o" --specs=nano.specs -mfpu=fpv5-d16 -mfloat-abi=hard -mthumb -o "stm32lib/STM32F7xx_HAL_Driver/Src/stm32f7xx_hal.o"
arm-none-eabi-gcc "/home/zhangl33/STM32CubeIDE/MPS-Labs-Fall21/stm32lib/STM32F7xx_HAL_Driver/Src/stm32f7xx_hal_adc.c" -mcpu=cortex-m7 -std=gnu11 -g3 -DUSE_HAL_DRIVER -DSTM32F769xx -DUSE_STM32F769I_DISCO -c -I"/home/zhangl33/STM32CubeIDE/MPS-Labs-Fall21/LAB-01-Template/inc" -I"/home/zhangl33/STM32CubeIDE/MPS-Labs-Fall21/stm32lib/CMSIS/Include" -I"/home/zhangl33/STM32CubeIDE/MPS-Labs-Fall21/stm32lib/CMSIS/Device/ST/STM32F7xx/Include" -I"/home/zhangl33/STM32CubeIDE/MPS-Labs-Fall21/stm32lib/STM32F7xx_HAL_Driver/Inc" -Og -ffunction-sections -Wall -Wdouble-promotion -fstack-usage -MMD -MP -MF"stm32lib/STM32F7xx_HAL_Driver/Src/stm32f7xx_hal_adc.d" -MT"stm32lib/STM32F7xx_HAL_Driver/Src/stm32f7xx_hal_adc.o" --specs=nano.specs -mfpu=fpv5-d16 -mfloat-abi=hard -mthumb -o "stm32lib/STM32F7xx_HAL_Driver/Src/stm32f7xx_hal_adc.o"
arm-none-eabi-gcc "/home/zhangl33/STM32CubeIDE/MPS-Labs-Fall21/stm32lib/STM32F7xx_HAL_Driver/Src/stm32f7xx_hal_cortex.c" -mcpu=cortex-m7 -std=gnu11 -g3 -DUSE_HAL_DRIVER -DSTM32F769xx -DUSE_STM32F769I_DISCO -c -I"/home/zhangl33/STM32CubeIDE/MPS-Labs-Fall21/LAB-01-Template/inc" -I"/home/zhangl33/STM32CubeIDE/MPS-Labs-Fall21/stm32lib/CMSIS/Include" -I"/home/zhangl33/STM32CubeIDE/MPS-Labs-Fall21/stm32lib/CMSIS/Device/ST/STM32F7xx/Include" -I"/home/zhangl33/STM32CubeIDE/MPS-Labs-Fall21/stm32lib/STM32F7xx_HAL_Driver/Inc" -Og -ffunction-sections -Wall -Wdouble-promotion -fstack-usage -MMD -MP -MF"stm32lib/STM32F7xx_HAL_Driver/Src/stm32f7xx_hal_cortex.d" -MT"stm32lib/STM32F7xx_HAL_Driver/Src/stm32f7xx_hal_cortex.o" --specs=nano.specs -mfpu=fpv5-d16 -mfloat-abi=hard -mthumb -o "stm32lib/STM32F7xx_HAL_Driver/Src/stm32f7xx_hal_cortex.o"
arm-none-eabi-gcc "/home/zhangl33/STM32CubeIDE/MPS-Labs-Fall21/stm32lib/STM32F7xx_HAL_Driver/Src/stm32f7xx_hal_gpio.c" -mcpu=cortex-m7 -std=gnu11 -g3 -DUSE_HAL_DRIVER -DSTM32F769xx -DUSE_STM32F769I_DISCO -c -I"/home/zhangl33/STM32CubeIDE/MPS-Labs-Fall21/LAB-01-Template/inc" -I"/home/zhangl33/STM32CubeIDE/MPS-Labs-Fall21/stm32lib/CMSIS/Include" -I"/home/zhangl33/STM32CubeIDE/MPS-Labs-Fall21/stm32lib/CMSIS/Device/ST/STM32F7xx/Include" -I"/home/zhangl33/STM32CubeIDE/MPS-Labs-Fall21/stm32lib/STM32F7xx_HAL_Driver/Inc" -Og -ffunction-sections -Wall -Wdouble-promotion -fstack-usage -MMD -MP -MF"stm32lib/STM32F7xx_HAL_Driver/Src/stm32f7xx_hal_gpio.d" -MT"stm32lib/STM32F7xx_HAL_Driver/Src/stm32f7xx_hal_gpio.o" --specs=nano.specs -mfpu=fpv5-d16 -mfloat-abi=hard -mthumb -o "stm32lib/STM32F7xx_HAL_Driver/Src/stm32f7xx_hal_gpio.o"
arm-none-eabi-gcc "/home/zhangl33/STM32CubeIDE/MPS-Labs-Fall21/stm32lib/STM32F7xx_HAL_Driver/Src/stm32f7xx_hal_pwr.c" -mcpu=cortex-m7 -std=gnu11 -g3 -DUSE_HAL_DRIVER -DSTM32F769xx -DUSE_STM32F769I_DISCO -c -I"/home/zhangl33/STM32CubeIDE/MPS-Labs-Fall21/LAB-01-Template/inc" -I"/home/zhangl33/STM32CubeIDE/MPS-Labs-Fall21/stm32lib/CMSIS/Include" -I"/home/zhangl33/STM32CubeIDE/MPS-Labs-Fall21/stm32lib/CMSIS/Device/ST/STM32F7xx/Include" -I"/home/zhangl33/STM32CubeIDE/MPS-Labs-Fall21/stm32lib/STM32F7xx_HAL_Driver/Inc" -Og -ffunction-sections -Wall -Wdouble-promotion -fstack-usage -MMD -MP -MF"stm32lib/STM32F7xx_HAL_Driver/Src/stm32f7xx_hal_pwr.d" -MT"stm32lib/STM32F7xx_HAL_Driver/Src/stm32f7xx_hal_pwr.o" --specs=nano.specs -mfpu=fpv5-d16 -mfloat-abi=hard -mthumb -o "stm32lib/STM32F7xx_HAL_Driver/Src/stm32f7xx_hal_pwr.o"
arm-none-eabi-gcc "/home/zhangl33/STM32CubeIDE/MPS-Labs-Fall21/stm32lib/STM32F7xx_HAL_Driver/Src/stm32f7xx_hal_pwr_ex.c" -mcpu=cortex-m7 -std=gnu11 -g3 -DUSE_HAL_DRIVER -DSTM32F769xx -DUSE_STM32F769I_DISCO -c -I"/home/zhangl33/STM32CubeIDE/MPS-Labs-Fall21/LAB-01-Template/inc" -I"/home/zhangl33/STM32CubeIDE/MPS-Labs-Fall21/stm32lib/CMSIS/Include" -I"/home/zhangl33/STM32CubeIDE/MPS-Labs-Fall21/stm32lib/CMSIS/Device/ST/STM32F7xx/Include" -I"/home/zhangl33/STM32CubeIDE/MPS-Labs-Fall21/stm32lib/STM32F7xx_HAL_Driver/Inc" -Og -ffunction-sections -Wall -Wdouble-promotion -fstack-usage -MMD -MP -MF"stm32lib/STM32F7xx_HAL_Driver/Src/stm32f7xx_hal_pwr_ex.d" -MT"stm32lib/STM32F7xx_HAL_Driver/Src/stm32f7xx_hal_pwr_ex.o" --specs=nano.specs -mfpu=fpv5-d16 -mfloat-abi=hard -mthumb -o "stm32lib/STM32F7xx_HAL_Driver/Src/stm32f7xx_hal_pwr_ex.o"
arm-none-eabi-gcc "/home/zhangl33/STM32CubeIDE/MPS-Labs-Fall21/stm32lib/STM32F7xx_HAL_Driver/Src/stm32f7xx_hal_rcc.c" -mcpu=cortex-m7 -std=gnu11 -g3 -DUSE_HAL_DRIVER -DSTM32F769xx -DUSE_STM32F769I_DISCO -c -I"/home/zhangl33/STM32CubeIDE/MPS-Labs-Fall21/LAB-01-Template/inc" -I"/home/zhangl33/STM32CubeIDE/MPS-Labs-Fall21/stm32lib/CMSIS/Include" -I"/home/zhangl33/STM32CubeIDE/MPS-Labs-Fall21/stm32lib/CMSIS/Device/ST/STM32F7xx/Include" -I"/home/zhangl33/STM32CubeIDE/MPS-Labs-Fall21/stm32lib/STM32F7xx_HAL_Driver/Inc" -Og -ffunction-sections -Wall -Wdouble-promotion -fstack-usage -MMD -MP -MF"stm32lib/STM32F7xx_HAL_Driver/Src/stm32f7xx_hal_rcc.d" -MT"stm32lib/STM32F7xx_HAL_Driver/Src/stm32f7xx_hal_rcc.o" --specs=nano.specs -mfpu=fpv5-d16 -mfloat-abi=hard -mthumb -o "stm32lib/STM32F7xx_HAL_Driver/Src/stm32f7xx_hal_rcc.o"
arm-none-eabi-gcc "/home/zhangl33/STM32CubeIDE/MPS-Labs-Fall21/stm32lib/STM32F7xx_HAL_Driver/Src/stm32f7xx_hal_tim.c" -mcpu=cortex-m7 -std=gnu11 -g3 -DUSE_HAL_DRIVER -DSTM32F769xx -DUSE_STM32F769I_DISCO -c -I"/home/zhangl33/STM32CubeIDE/MPS-Labs-Fall21/LAB-01-Template/inc" -I"/home/zhangl33/STM32CubeIDE/MPS-Labs-Fall21/stm32lib/CMSIS/Include" -I"/home/zhangl33/STM32CubeIDE/MPS-Labs-Fall21/stm32lib/CMSIS/Device/ST/STM32F7xx/Include" -I"/home/zhangl33/STM32CubeIDE/MPS-Labs-Fall21/stm32lib/STM32F7xx_HAL_Driver/Inc" -Og -ffunction-sections -Wall -Wdouble-promotion -fstack-usage -MMD -MP -MF"stm32lib/STM32F7xx_HAL_Driver/Src/stm32f7xx_hal_tim.d" -MT"stm32lib/STM32F7xx_HAL_Driver/Src/stm32f7xx_hal_tim.o" --specs=nano.specs -mfpu=fpv5-d16 -mfloat-abi=hard -mthumb -o "stm32lib/STM32F7xx_HAL_Driver/Src/stm32f7xx_hal_tim.o"
arm-none-eabi-gcc "/home/zhangl33/STM32CubeIDE/MPS-Labs-Fall21/stm32lib/STM32F7xx_HAL_Driver/Src/stm32f7xx_hal_uart.c" -mcpu=cortex-m7 -std=gnu11 -g3 -DUSE_HAL_DRIVER -DSTM32F769xx -DUSE_STM32F769I_DISCO -c -I"/home/zhangl33/STM32CubeIDE/MPS-Labs-Fall21/LAB-01-Template/inc" -I"/home/zhangl33/STM32CubeIDE/MPS-Labs-Fall21/stm32lib/CMSIS/Include" -I"/home/zhangl33/STM32CubeIDE/MPS-Labs-Fall21/stm32lib/CMSIS/Device/ST/STM32F7xx/Include" -I"/home/zhangl33/STM32CubeIDE/MPS-Labs-Fall21/stm32lib/STM32F7xx_HAL_Driver/Inc" -Og -ffunction-sections -Wall -Wdouble-promotion -fstack-usage -MMD -MP -MF"stm32lib/STM32F7xx_HAL_Driver/Src/stm32f7xx_hal_uart.d" -MT"stm32lib/STM32F7xx_HAL_Driver/Src/stm32f7xx_hal_uart.o" --specs=nano.specs -mfpu=fpv5-d16 -mfloat-abi=hard -mthumb -o "stm32lib/STM32F7xx_HAL_Driver/Src/stm32f7xx_hal_uart.o"
arm-none-eabi-gcc "/home/zhangl33/STM32CubeIDE/MPS-Labs-Fall21/stm32lib/CMSIS/Device/ST/STM32F7xx/Source/Templates/system_stm32f7xx.c" -mcpu=cortex-m7 -std=gnu11 -g3 -DUSE_HAL_DRIVER -DSTM32F769xx -DUSE_STM32F769I_DISCO -c -I"/home/zhangl33/STM32CubeIDE/MPS-Labs-Fall21/LAB-01-Template/inc" -I"/home/zhangl33/STM32CubeIDE/MPS-Labs-Fall21/stm32lib/CMSIS/Include" -I"/home/zhangl33/STM32CubeIDE/MPS-Labs-Fall21/stm32lib/CMSIS/Device/ST/STM32F7xx/Include" -I"/home/zhangl33/STM32CubeIDE/MPS-Labs-Fall21/stm32lib/STM32F7xx_HAL_Driver/Inc" -Og -ffunction-sections -Wall -Wdouble-promotion -fstack-usage -MMD -MP -MF"stm32lib/CMSIS/Device/ST/STM32F7xx/Source/Templates/system_stm32f7xx.d" -MT"stm32lib/CMSIS/Device/ST/STM32F7xx/Source/Templates/system_stm32f7xx.o" --specs=nano.specs -mfpu=fpv5-d16 -mfloat-abi=hard -mthumb -o "stm32lib/CMSIS/Device/ST/STM32F7xx/Source/Templates/system_stm32f7xx.o"
arm-none-eabi-gcc -mcpu=cortex-m7 -g3 -c -I"/home/zhangl33/STM32CubeIDE/MPS-Labs-Fall21/LAB-01-Template/inc" -x assembler-with-cpp -MMD -MP -MF"startup/startup_stm32f769nihx.d" -MT"startup/startup_stm32f769nihx.o" --specs=nano.specs -mfpu=fpv5-d16 -mfloat-abi=hard -mthumb -o "startup/startup_stm32f769nihx.o" "../startup/startup_stm32f769nihx.s"
arm-none-eabi-gcc "../src/hello.c" -mcpu=cortex-m7 -std=gnu11 -g3 -DUSE_HAL_DRIVER -DSTM32F769xx -DUSE_STM32F769I_DISCO -c -I"/home/zhangl33/STM32CubeIDE/MPS-Labs-Fall21/LAB-01-Template/inc" -I"/home/zhangl33/STM32CubeIDE/MPS-Labs-Fall21/stm32lib/CMSIS/Include" -I"/home/zhangl33/STM32CubeIDE/MPS-Labs-Fall21/stm32lib/CMSIS/Device/ST/STM32F7xx/Include" -I"/home/zhangl33/STM32CubeIDE/MPS-Labs-Fall21/stm32lib/STM32F7xx_HAL_Driver/Inc" -Og -ffunction-sections -Wall -Wdouble-promotion -fstack-usage -MMD -MP -MF"src/hello.d" -MT"src/hello.o" --specs=nano.specs -mfpu=fpv5-d16 -mfloat-abi=hard -mthumb -o "src/hello.o"
arm-none-eabi-gcc "../src/init.c" -mcpu=cortex-m7 -std=gnu11 -g3 -DUSE_HAL_DRIVER -DSTM32F769xx -DUSE_STM32F769I_DISCO -c -I"/home/zhangl33/STM32CubeIDE/MPS-Labs-Fall21/LAB-01-Template/inc" -I"/home/zhangl33/STM32CubeIDE/MPS-Labs-Fall21/stm32lib/CMSIS/Include" -I"/home/zhangl33/STM32CubeIDE/MPS-Labs-Fall21/stm32lib/CMSIS/Device/ST/STM32F7xx/Include" -I"/home/zhangl33/STM32CubeIDE/MPS-Labs-Fall21/stm32lib/STM32F7xx_HAL_Driver/Inc" -Og -ffunction-sections -Wall -Wdouble-promotion -fstack-usage -MMD -MP -MF"src/init.d" -MT"src/init.o" --specs=nano.specs -mfpu=fpv5-d16 -mfloat-abi=hard -mthumb -o "src/init.o"
arm-none-eabi-gcc "../src/uart.c" -mcpu=cortex-m7 -std=gnu11 -g3 -DUSE_HAL_DRIVER -DSTM32F769xx -DUSE_STM32F769I_DISCO -c -I"/home/zhangl33/STM32CubeIDE/MPS-Labs-Fall21/LAB-01-Template/inc" -I"/home/zhangl33/STM32CubeIDE/MPS-Labs-Fall21/stm32lib/CMSIS/Include" -I"/home/zhangl33/STM32CubeIDE/MPS-Labs-Fall21/stm32lib/CMSIS/Device/ST/STM32F7xx/Include" -I"/home/zhangl33/STM32CubeIDE/MPS-Labs-Fall21/stm32lib/STM32F7xx_HAL_Driver/Inc" -Og -ffunction-sections -Wall -Wdouble-promotion -fstack-usage -MMD -MP -MF"src/uart.d" -MT"src/uart.o" --specs=nano.specs -mfpu=fpv5-d16 -mfloat-abi=hard -mthumb -o "src/uart.o"
arm-none-eabi-gcc -o "LAB-01-Template.elf" @"objects.list"   -mcpu=cortex-m7 -T"/home/zhangl33/STM32CubeIDE/MPS-Labs-Fall21/LAB-01-Template/LinkerScript.ld" --specs=nosys.specs -Wl,-Map="LAB-01-Template.map" -Wl,--gc-sections -static --specs=nano.specs -mfpu=fpv5-d16 -mfloat-abi=hard -mthumb -Wl,--start-group -lc -lm -Wl,--end-group
Finished building target: LAB-01-Template.elf
 
arm-none-eabi-size   LAB-01-Template.elf 
   text	   data	    bss	    dec	    hex	filename
  13124	    120	   1344	  14588	   38fc	LAB-01-Template.elf
Finished building: default.size.stdout
 
arm-none-eabi-objdump -h -S  LAB-01-Template.elf  > "LAB-01-Template.list"
Finished building: LAB-01-Template.list
 
arm-none-eabi-objcopy  -O binary  LAB-01-Template.elf  "LAB-01-Template.bin"
Finished building: LAB-01-Template.bin
 

17:56:21 Build Finished. 0 errors, 0 warnings. (took 4s.193ms)

